## uname -a
Linux metasploitable 2.6.24-16-server #1 SMP Thu Apr 10 13:58:00 UTC 2008 i686 GNU/Linux

## cat /proc/version
Linux version 2.6.24-16-server (buildd@palmer) (gcc version 4.2.3 (Ubuntu 4.2.3-2ubuntu7)) #1 SMP Thu Apr 10 13:58:00 UTC 2008

## cat /proc/cpuinfo
processor       : 0
vendor_id       : AuthenticAMD
cpu family      : 23
model           : 104
model name      : AMD Ryzen 5 5500U with Radeon Graphics         
stepping        : 1
cpu MHz         : 2093.664
cache size      : 512 KB
fdiv_bug        : no
hlt_bug         : no
f00f_bug        : no
coma_bug        : no
fpu             : yes
fpu_exception   : yes
cpuid level     : 13
wp              : yes
flags           : fpu vme de pse tsc msr pae mce cx8 apic sep mtrr pge mca cmov pat pse36 clflush mmx fxsr sse sse2 ht syscall nx mmxext fxsr_opt rdtscp lm constant_tsc up pni ssse3 cx16 sse4_1 sse4_2 popcnt lahf_lm cr8_legacy abm sse4a misalignsse 3dnowprefetch
bogomips        : 4637.16
clflush size    : 64

## cat /proc/meminfo
MemTotal:      2075604 kB
MemFree:       1670760 kB
Buffers:        123276 kB
Cached:         128936 kB
SwapCached:          0 kB
Active:         197784 kB
Inactive:       179312 kB
HighTotal:     1179584 kB
HighFree:       920052 kB
LowTotal:       896020 kB
LowFree:        750708 kB
SwapTotal:           0 kB
SwapFree:            0 kB
Dirty:               8 kB
Writeback:           0 kB
AnonPages:      124884 kB
Mapped:          49144 kB
Slab:            15276 kB
SReclaimable:     7016 kB
SUnreclaim:       8260 kB
PageTables:       1732 kB
NFS_Unstable:        0 kB
Bounce:              0 kB
CommitLimit:   1037800 kB
Committed_AS:   619768 kB
VmallocTotal:   118776 kB
VmallocUsed:      3728 kB
VmallocChunk:   114408 kB
HugePages_Total:     0
HugePages_Free:      0
HugePages_Rsvd:      0
HugePages_Surp:      0
Hugepagesize:     2048 kB
lsmod
Module                  Size  Used by
nfsd                  228464  13 
auth_rpcgss            43424  1 nfsd
exportfs                6016  1 nfsd
nfs                   261900  0 
lockd                  67720  3 nfsd,nfs
nfs_acl                 4608  2 nfsd,nfs
sunrpc                185756  11 nfsd,auth_rpcgss,nfs,lockd,nfs_acl
iptable_filter          3840  0 
ip_tables              14820  1 iptable_filter
x_tables               16132  1 ip_tables
ipv6                  272804  27 
parport_pc             36644  0 
lp                     12324  0 
parport                37704  2 parport_pc,lp
loop                   19076  0 
joydev                 12992  0 
af_packet              23684  2 
usbhid                 32000  0 
hid                    38784  1 usbhid
evdev                  12928  0 
psmouse                40208  0 
serio_raw               7940  0 
snd_intel8x0           35356  0 
snd_ac97_codec        100772  1 snd_intel8x0
pcspkr                  4224  0 
ac97_bus                3072  1 snd_ac97_codec
i2c_piix4               9612  0 
snd_pcm                78596  2 snd_intel8x0,snd_ac97_codec
snd_timer              24836  1 snd_pcm
snd                    56868  4 snd_intel8x0,snd_ac97_codec,snd_pcm,snd_timer
soundcore               8800  1 snd
i2c_core               24832  1 i2c_piix4
snd_page_alloc         11528  2 snd_intel8x0,snd_pcm
battery                14212  0 
video                  19856  0 
output                  4736  1 video
ac                      6916  0 
sr_mod                 17828  0 
cdrom                  37280  1 sr_mod
button                  9232  0 
pata_acpi               8320  0 
ext3                  136584  2 
jbd                    48404  1 ext3
mbcache                 9600  1 ext3
sg                     36496  0 
sd_mod                 30720  3 
ata_piix               19588  0 
ehci_hcd               38412  0 
ohci_hcd               25604  0 
ahci                   28420  2 
ata_generic             8324  0 
usbcore               146028  4 usbhid,ehci_hcd,ohci_hcd
e1000                 126400  0 
libata                159344  4 pata_acpi,ata_piix,ahci,ata_generic
scsi_mod              151180  4 sr_mod,sg,sd_mod,libata
dm_mirror              24704  0 
dm_snapshot            19620  0 
dm_mod                 62532  7 dm_mirror,dm_snapshot
thermal                16796  0 
processor              37000  1 thermal
fan                     5636  0 
fbcon                  42656  0 
tileblit                3456  1 fbcon
font                    9472  1 fbcon
bitblit                 6784  1 fbcon
softcursor              3072  1 bitblit
fuse                   50580  1 

## modinfo ac
filename:       /lib/modules/2.6.24-16-server/kernel/drivers/acpi/ac.ko
license:        GPL
description:    ACPI AC Adapter Driver
author:         Paul Diefenbaugh
srcversion:     3575FE16776D0E9B792435F
alias:          acpi*:ACPI0003:*
depends:        
vermagic:       2.6.24-16-server SMP mod_unload 686 
dmesg 
[    0.000000] Initializing cgroup subsys cpuset
[    0.000000] Initializing cgroup subsys cpu
[    0.000000] Linux version 2.6.24-16-server (buildd@palmer) (gcc version 4.2.3 (Ubuntu 4.2.3-2ubuntu7)) #1 SMP Thu Apr 10 13:58:00 UTC 2008 (Ubuntu 2.6.24-16.30-server)
[    0.000000] BIOS-provided physical RAM map:
[    0.000000]  BIOS-e820: 0000000000000000 - 000000000009fc00 (usable)
[    0.000000]  BIOS-e820: 000000000009fc00 - 00000000000a0000 (reserved)
[    0.000000]  BIOS-e820: 00000000000f0000 - 0000000000100000 (reserved)
[    0.000000]  BIOS-e820: 0000000000100000 - 000000007fff0000 (usable)
[    0.000000]  BIOS-e820: 000000007fff0000 - 0000000080000000 (ACPI data)
[    0.000000]  BIOS-e820: 00000000fec00000 - 00000000fec01000 (reserved)
[    0.000000]  BIOS-e820: 00000000fee00000 - 00000000fee01000 (reserved)
[    0.000000]  BIOS-e820: 00000000fffc0000 - 0000000100000000 (reserved)
[    0.000000] 1151MB HIGHMEM available.
[    0.000000] 896MB LOWMEM available.
[    0.000000] found SMP MP-table at 0009fbf0
[    0.000000] NX (Execute Disable) protection: active
[    0.000000] Entering add_active_range(0, 0, 524272) 0 entries of 256 used
[    0.000000] Zone PFN ranges:
[    0.000000]   DMA             0 ->     4096
[    0.000000]   Normal       4096 ->   229376
[    0.000000]   HighMem    229376 ->   524272
[    0.000000] Movable zone start PFN for each node
[    0.000000] early_node_map[1] active PFN ranges
[    0.000000]     0:        0 ->   524272
[    0.000000] On node 0 totalpages: 524272
[    0.000000]   DMA zone: 32 pages used for memmap
[    0.000000]   DMA zone: 0 pages reserved
[    0.000000]   DMA zone: 4064 pages, LIFO batch:0
[    0.000000]   Normal zone: 1760 pages used for memmap
[    0.000000]   Normal zone: 223520 pages, LIFO batch:31
[    0.000000]   HighMem zone: 2303 pages used for memmap
[    0.000000]   HighMem zone: 292593 pages, LIFO batch:31
[    0.000000]   Movable zone: 0 pages used for memmap
[    0.000000] DMI 2.5 present.
[    0.000000] ACPI: RSDP signature @ 0xC00E0000 checksum 0
[    0.000000] ACPI: RSDP 000E0000, 0024 (r2 VBOX  )
[    0.000000] ACPI: XSDT 7FFF0030, 003C (r1 VBOX   VBOXXSDT        1 ASL        61)
[    0.000000] ACPI: FACP 7FFF00F0, 00F4 (r4 VBOX   VBOXFACP        1 ASL        61)
[    0.000000] ACPI: DSDT 7FFF0610, 2353 (r2 VBOX   VBOXBIOS        2 INTL 20100528)
[    0.000000] ACPI: FACS 7FFF0200, 0040
[    0.000000] ACPI: APIC 7FFF0240, 0054 (r2 VBOX   VBOXAPIC        1 ASL        61)
[    0.000000] ACPI: SSDT 7FFF02A0, 036C (r1 VBOX   VBOXCPUT        2 INTL 20100528)
[    0.000000] ACPI: PM-Timer IO Port: 0x4008
[    0.000000] ACPI: Local APIC address 0xfee00000
[    0.000000] ACPI: LAPIC (acpi_id[0x00] lapic_id[0x00] enabled)
[    0.000000] Processor #0 7:8 APIC version 20
[    0.000000] ACPI: IOAPIC (id[0x01] address[0xfec00000] gsi_base[0])
[    0.000000] IOAPIC[0]: apic_id 1, version 32, address 0xfec00000, GSI 0-23
[    0.000000] ACPI: INT_SRC_OVR (bus 0 bus_irq 0 global_irq 2 dfl dfl)
[    0.000000] ACPI: INT_SRC_OVR (bus 0 bus_irq 9 global_irq 9 low level)
[    0.000000] ACPI: IRQ0 used by override.
[    0.000000] ACPI: IRQ2 used by override.
[    0.000000] ACPI: IRQ9 used by override.
[    0.000000] Enabling APIC mode:  Flat.  Using 1 I/O APICs
[    0.000000] Using ACPI (MADT) for SMP configuration information
[    0.000000] Allocating PCI resources starting at 88000000 (gap: 80000000:7ec00000)
[    0.000000] swsusp: Registered nosave memory region: 000000000009f000 - 00000000000a0000
[    0.000000] swsusp: Registered nosave memory region: 00000000000a0000 - 00000000000f0000
[    0.000000] swsusp: Registered nosave memory region: 00000000000f0000 - 0000000000100000
[    0.000000] Built 1 zonelists in Zone order, mobility grouping on.  Total pages: 520177
[    0.000000] Kernel command line: root=/dev/mapper/metasploitable-root ro quiet splash
[    0.000000] mapped APIC to ffffb000 (fee00000)
[    0.000000] mapped IOAPIC to ffffa000 (fec00000)
[    0.000000] Enabling fast FPU save and restore... done.
[    0.000000] Enabling unmasked SIMD FPU exception support... done.
[    0.000000] Initializing CPU#0
[    0.000000] PID hash table entries: 4096 (order: 12, 16384 bytes)
[    0.000000] Detected 2093.664 MHz processor.
[    6.360768] Console: colour VGA+ 80x25
[    6.360772] console [tty0] enabled
[    6.365837] Dentry cache hash table entries: 131072 (order: 7, 524288 bytes)
[    6.368850] Inode-cache hash table entries: 65536 (order: 6, 262144 bytes)
[    6.407806] Memory: 2066660k/2097088k available (2255k kernel code, 29240k reserved, 1032k data, 384k init, 1179584k highmem)
[    6.407812] virtual kernel memory layout:
[    6.407812]     fixmap  : 0xfff4c000 - 0xfffff000   ( 716 kB)
[    6.407813]     pkmap   : 0xffc00000 - 0xffe00000   (2048 kB)
[    6.407814]     vmalloc : 0xf8800000 - 0xffbfe000   ( 115 MB)
[    6.407815]     lowmem  : 0xc0000000 - 0xf8000000   ( 896 MB)
[    6.407815]       .init : 0xc043c000 - 0xc049c000   ( 384 kB)
[    6.407816]       .data : 0xc0333e95 - 0xc0435fe4   (1032 kB)
[    6.407817]       .text : 0xc0100000 - 0xc0333e95   (2255 kB)
[    6.407819] Checking if this processor honours the WP bit even in supervisor mode... Ok.
[    6.408066] SLUB: Genslabs=11, HWalign=64, Order=0-1, MinObjects=4, CPUs=1, Nodes=1
[    6.565407] Calibrating delay using timer specific routine.. 4637.16 BogoMIPS (lpj=23185843)
[    6.565612] Security Framework initialized
[    6.565617] SELinux:  Disabled at boot.
[    6.565738] AppArmor: AppArmor initialized
[    6.565742] Failure registering capabilities with primary security module.
[    6.565750] Mount-cache hash table entries: 512
[    6.566438] Initializing cgroup subsys ns
[    6.566441] Initializing cgroup subsys cpuacct
[    6.567087] CPU: After generic identify, caps: 178bfbff 2bd3fb7f 00000000 00000000 c2d82203 00000000 000001f1 00000000
[    6.567423] CPU: L1 I Cache: 32K (64 bytes/line), D cache 32K (64 bytes/line)
[    6.567479] CPU: L2 Cache: 512K (64 bytes/line)
[    6.567789] CPU: After all inits, caps: 178bfbff 2bd3fb7f 00000000 00000500 c2d82203 00000000 000001f1 00000000
[    6.567841] Compat vDSO mapped to ffffe000.
[    6.567997] Checking 'hlt' instruction... OK.
[    6.681179] SMP alternatives: switching to UP code
[    6.961282] Freeing SMP alternatives: 12k freed
[    6.961576] Early unpacking initramfs... done
[    7.520170] ACPI: Core revision 20070126
[    7.520413] ACPI: Looking for DSDT in initramfs... error, file /DSDT.aml not found.
[    7.521733] CPU0: AMD Ryzen 5 5500U with Radeon Graphics          stepping 01
[    7.524936] Total of 1 processors activated (4637.16 BogoMIPS).
[    7.545877] ENABLING IO-APIC IRQs
[    7.551738] ..TIMER: vector=0x31 apic1=0 pin1=2 apic2=-1 pin2=-1
[    7.664058] Brought up 1 CPUs
[    7.666462] CPU0 attaching sched-domain:
[    7.666466]  domain 0: span 01
[    7.666467]   groups: 01
[    7.666911] net_namespace: 64 bytes
[    7.666918] Booting paravirtualized kernel on bare hardware
[    7.668761] Time:  6:36:44  Date: 02/05/26
[    7.668847] NET: Registered protocol family 16
[    7.670087] EISA bus registered
[    7.670605] ACPI: bus type pci registered
[    7.672845] PCI: PCI BIOS revision 2.10 entry at 0xfda56, last bus=0
[    7.672848] PCI: Using configuration type 1
[    7.672852] Setting up standard PCI resources
[    7.681586] ACPI: EC: Look up EC in DSDT
[    7.697332] ACPI: Interpreter enabled
[    7.697336] ACPI: (supports S0 S1 S4 S5)
[    7.697345] ACPI: Using IOAPIC for interrupt routing
[    7.704812] ACPI: PCI Root Bridge [PCI0] (0000:00)
[    7.734472] PCI quirk: region 4000-403f claimed by PIIX4 ACPI
[    7.734545] PCI quirk: region 4100-410f claimed by PIIX4 SMB
[    7.744147] ACPI: PCI Interrupt Routing Table [\_SB_.PCI0._PRT]
[    7.765582] ACPI: PCI Interrupt Link [LNKA] (IRQs 5 9 10 *11)
[    7.766426] ACPI: PCI Interrupt Link [LNKB] (IRQs 5 9 *10 11)
[    7.766721] ACPI: PCI Interrupt Link [LNKC] (IRQs 5 *9 10 11)
[    7.767015] ACPI: PCI Interrupt Link [LNKD] (IRQs 5 9 10 *11)
[    7.767243] Linux Plug and Play Support v0.97 (c) Adam Belay
[    7.767259] pnp: PnP ACPI init
[    7.767264] ACPI: bus type pnp registered
[    7.771298] pnp: PnP ACPI: found 4 devices
[    7.771300] ACPI: ACPI bus type pnp unregistered
[    7.771303] PnPBIOS: Disabled by ACPI PNP
[    7.771423] PCI: Using ACPI for IRQ routing
[    7.771424] PCI: If a device doesn't work, try "pci=routeirq".  If it helps, post a report
[    7.860892] NET: Registered protocol family 8
[    7.860894] NET: Registered protocol family 20
[    7.860943] NetLabel: Initializing
[    7.860944] NetLabel:  domain hash size = 128
[    7.860945] NetLabel:  protocols = UNLABELED CIPSOv4
[    7.860953] NetLabel:  unlabeled traffic allowed by default
[    7.861034] AppArmor: AppArmor Filesystem Enabled
[    7.870882] Time: tsc clocksource has been installed.
[    7.921952] NET: Registered protocol family 2
[    8.021471] IP route cache hash table entries: 32768 (order: 5, 131072 bytes)
[    8.021666] TCP established hash table entries: 131072 (order: 8, 1048576 bytes)
[    8.032978] TCP bind hash table entries: 65536 (order: 7, 524288 bytes)
[    8.038465] TCP: Hash tables configured (established 131072 bind 65536)
[    8.038469] TCP reno registered
[    8.055683] checking if image is initramfs... it is
[   13.899327] Switched to high resolution mode on CPU 0
[   13.899373] Clocksource tsc unstable (delta = 4289115076 ns)
[   13.928726] Time: acpi_pm clocksource has been installed.
[   14.886644] Freeing initrd memory: 7743k freed
[   14.916086] audit: initializing netlink socket (disabled)
[   14.916096] audit(1770273410.411:1): initialized
[   14.916880] highmem bounce pool size: 64 pages
[   14.916884] Total HugeTLB memory allocated, 0
[   14.952932] VFS: Disk quotas dquot_6.5.1
[   14.953220] Dquot-cache hash table entries: 1024 (order 0, 4096 bytes)
[   14.954093] io scheduler noop registered
[   14.954095] io scheduler anticipatory registered
[   14.954097] io scheduler deadline registered (default)
[   14.954106] io scheduler cfq registered
[   14.954156] Limiting direct PCI/PCI transfers.
[   14.954240] Activating ISA DMA hang workarounds.
[   14.954314] Boot video device is 0000:00:02.0
[   14.983196] isapnp: Scanning for PnP cards...
[   16.910513] isapnp: No Plug & Play device found
[   17.166847] Real Time Clock Driver v1.12ac
[   17.167008] Serial: 8250/16550 driver $Revision: 1.90 $ 4 ports, IRQ sharing enabled
[   17.195999] RAMDISK driver initialized: 16 RAM disks of 65536K size 1024 blocksize
[   17.196101] input: Macintosh mouse button emulation as /devices/virtual/input/input0
[   17.196278] PNP: PS/2 Controller [PNP0303:PS2K,PNP0f03:PS2M] at 0x60,0x64 irq 1,12
[   17.201122] serio: i8042 KBD port at 0x60,0x64 irq 1
[   17.201129] serio: i8042 AUX port at 0x60,0x64 irq 12
[   17.301436] mice: PS/2 mouse device common for all mice
[   17.306704] input: AT Translated Set 2 keyboard as /devices/platform/i8042/serio0/input/input1
[   17.306724] EISA: Probing bus 0 at eisa.0
[   17.307010] Cannot allocate resource for EISA slot 4
[   17.307292] EISA: Detected 0 cards.
[   17.307295] cpuidle: using governor ladder
[   17.307297] cpuidle: using governor menu
[   17.307352] NET: Registered protocol family 1
[   17.307371] Using IPI No-Shortcut mode
[   17.307389] registered taskstats version 1
[   17.307689]   Magic number: 14:564:619
[   17.307707]   hash matches device ptye9
[   17.307709]   hash matches device ptybc
[   17.307729] BIOS EDD facility v0.16 2004-Jun-25, 6 devices found
[   17.308363] Freeing unused kernel memory: 384k freed
[   18.398298] fuse init (API version 7.9)
[   18.550419] device-mapper: uevent: version 1.0.3
[   18.550517] device-mapper: ioctl: 4.12.0-ioctl (2007-10-02) initialised: dm-devel@redhat.com
[   19.599366] SCSI subsystem initialized
[   19.771897] Intel(R) PRO/1000 Network Driver - version 7.3.20-k2-NAPI
[   19.771900] Copyright (c) 1999-2006 Intel Corporation.
[   19.803568] ACPI: PCI Interrupt 0000:00:03.0[A] -> GSI 19 (level, low) -> IRQ 16
[   19.803789] PCI: Setting latency timer of device 0000:00:03.0 to 64
[   19.876721] libata version 3.00 loaded.
[   19.920199] usbcore: registered new interface driver usbfs
[   19.920217] usbcore: registered new interface driver hub
[   23.665124] e1000: 0000:00:03.0: e1000_probe: (PCI:33MHz:32-bit) 08:00:27:0e:ac:a3
[   23.700321] usbcore: registered new device driver usb
[   23.775663] ohci_hcd: 2006 August 04 USB 1.1 'Open' Host Controller (OHCI) Driver
[   25.107745] e1000: eth0: e1000_probe: Intel(R) PRO/1000 Network Connection
[   25.110630] ahci 0000:00:0d.0: version 3.0
[   25.111443] ACPI: PCI Interrupt 0000:00:0d.0[A] -> GSI 21 (level, low) -> IRQ 17
[   28.229298] ahci 0000:00:0d.0: AHCI 0001.0100 32 slots 1 ports 3 Gbps 0x1 impl SATA mode
[   28.229303] ahci 0000:00:0d.0: flags: 64bit ncq stag only 
[   28.229446] PCI: Setting latency timer of device 0000:00:0d.0 to 64
[   28.231225] scsi0 : ahci
[   28.231328] ata1: SATA max UDMA/133 abar m8192@0xf0806000 port 0xf0806100 irq 17
[   29.635252] ata1: SATA link up 3.0 Gbps (SStatus 123 SControl 300)
[   29.636671] ata1.00: ATA-6: VBOX HARDDISK, 1.0, max UDMA/133
[   29.636674] ata1.00: 16777216 sectors, multi 128: LBA48 NCQ (depth 31/32)
[   29.638688] ata1.00: configured for UDMA/133
[   29.638770] scsi 0:0:0:0: Direct-Access     ATA      VBOX HARDDISK    1.0  PQ: 0 ANSI: 5
[   29.640527] ACPI: PCI Interrupt 0000:00:06.0[A] -> GSI 22 (level, low) -> IRQ 18
[   29.640810] PCI: Setting latency timer of device 0000:00:06.0 to 64
[   29.640886] ohci_hcd 0000:00:06.0: OHCI Host Controller
[   29.640995] ohci_hcd 0000:00:06.0: new USB bus registered, assigned bus number 1
[   29.641466] ohci_hcd 0000:00:06.0: irq 18, io mem 0xf0804000
[   29.674330] Driver 'sd' needs updating - please use bus_type methods
[   29.674383] sd 0:0:0:0: [sda] 16777216 512-byte hardware sectors (8590 MB)
[   29.674391] sd 0:0:0:0: [sda] Write Protect is off
[   29.674393] sd 0:0:0:0: [sda] Mode Sense: 00 3a 00 00
[   29.674405] sd 0:0:0:0: [sda] Write cache: enabled, read cache: enabled, doesn't support DPO or FUA
[   29.674436] sd 0:0:0:0: [sda] 16777216 512-byte hardware sectors (8590 MB)
[   29.674442] sd 0:0:0:0: [sda] Write Protect is off
[   29.674444] sd 0:0:0:0: [sda] Mode Sense: 00 3a 00 00
[   29.674454] sd 0:0:0:0: [sda] Write cache: enabled, read cache: enabled, doesn't support DPO or FUA
[   29.674456]  sda: sda1 sda2 < sda5 >
[   29.710698] sd 0:0:0:0: [sda] Attached SCSI disk
[   29.715539] sd 0:0:0:0: Attached scsi generic sg0 type 0
[   29.879534] usb usb1: configuration #1 chosen from 1 choice
[   29.879549] hub 1-0:1.0: USB hub found
[   29.879688] hub 1-0:1.0: 12 ports detected
[   30.296149] ACPI: PCI Interrupt 0000:00:0b.0[A] -> GSI 19 (level, low) -> IRQ 16
[   30.296371] PCI: Setting latency timer of device 0000:00:0b.0 to 64
[   30.296443] ehci_hcd 0000:00:0b.0: EHCI Host Controller
[   30.296468] ehci_hcd 0000:00:0b.0: new USB bus registered, assigned bus number 2
[   30.298313] ehci_hcd 0000:00:0b.0: irq 16, io mem 0xf0805000
[   30.395712] ehci_hcd 0000:00:0b.0: USB 2.0 started, EHCI 1.00, driver 10 Dec 2004
[   30.395856] usb usb2: configuration #1 chosen from 1 choice
[   30.395871] hub 2-0:1.0: USB hub found
[   30.395875] hub 2-0:1.0: 12 ports detected
[   30.855261] ata_piix 0000:00:01.1: version 2.12
[   30.855757] PCI: Setting latency timer of device 0000:00:01.1 to 64
[   30.858310] scsi1 : ata_piix
[   30.864449] scsi2 : ata_piix
[   30.864479] ata2: PATA max UDMA/33 cmd 0x1f0 ctl 0x3f6 bmdma 0xd000 irq 14
[   30.864481] ata3: PATA max UDMA/33 cmd 0x170 ctl 0x376 bmdma 0xd008 irq 15
[   31.332090] Attempting manual resume
[   31.332093] swsusp: Resume From Partition 254:1
[   31.332094] PM: Checking swsusp image.
[   31.333722] PM: Resume from disk failed.
[   31.632179] EXT3-fs: INFO: recovery required on readonly filesystem.
[   31.632183] EXT3-fs: write access will be enabled during recovery.
[   32.315090] kjournald starting.  Commit interval 5 seconds
[   32.315101] EXT3-fs: recovery complete.
[   32.316405] EXT3-fs: mounted filesystem with ordered data mode.
[   32.454486] usb 1-1: new full speed USB device using ohci_hcd and address 2
[   32.682422] ata3.00: ATAPI: VBOX CD-ROM, 1.0, max UDMA/133
[   33.244038] ata3.00: configured for UDMA/33
[   33.248490] scsi 2:0:0:0: CD-ROM            VBOX     CD-ROM           1.0  PQ: 0 ANSI: 5
[   33.248559] scsi 2:0:0:0: Attached scsi generic sg1 type 5
[   34.067619] usb 1-1: configuration #1 chosen from 1 choice
[   38.087007] input: Power Button (FF) as /devices/virtual/input/input2
[   38.223352] ACPI: Power Button (FF) [PWRF]
[   38.223646] input: Sleep Button (FF) as /devices/virtual/input/input3
[   38.368978] ACPI: Sleep Button (FF) [SLPF]
[   38.711297] e1000: eth0: e1000_watchdog: NIC Link is Up 1000 Mbps Full Duplex, Flow Control: RX
[   38.809920] Driver 'sr' needs updating - please use bus_type methods
[   38.925527] sr0: scsi3-mmc drive: 32x/32x xa/form2 tray
[   38.925531] Uniform CD-ROM driver Revision: 3.20
[   38.925569] sr 2:0:0:0: Attached scsi CD-ROM sr0
[   39.498260] ACPI: AC Adapter [AC] (on-line)
[   39.896740] input: Video Bus as /devices/LNXSYSTM:00/device:00/PNP0A03:00/LNXVIDEO:00/input/input4
[   40.093590] ACPI: Video Device [GFX0] (multi-head: yes  rom: no  post: no)
[   40.138161] ACPI: Battery Slot [BAT0] (battery present)
[   41.341981] input: PC Speaker as /devices/platform/pcspkr/input/input5
[   41.498502] ACPI: PCI Interrupt 0000:00:05.0[A] -> GSI 21 (level, low) -> IRQ 17
[   41.498724] PCI: Setting latency timer of device 0000:00:05.0 to 64
[   42.146523] input: ImExPS/2 Generic Explorer Mouse as /devices/platform/i8042/serio1/input/input6
[   43.041807] intel8x0_measure_ac97_clock: measured 60817 usecs
[   43.041810] intel8x0: clocking to 48653
[   43.194468] usbcore: registered new interface driver hiddev
[   43.291794] input: VirtualBox USB Tablet as /devices/pci0000:00/0000:00:06.0/usb1/1-1/1-1:1.0/input/input7
[   43.984400] input,hidraw0: USB HID v1.10 Mouse [VirtualBox USB Tablet] on usb-0000:00:06.0-1
[   43.984420] usbcore: registered new interface driver usbhid
[   43.984425] /build/buildd/linux-2.6.24/drivers/hid/usbhid/hid-core.c: v2.6:USB HID core driver
[   47.401662] NET: Registered protocol family 17
[   50.934808] loop: module loaded
[   51.098710] lp: driver loaded but no devices found
[   89.898891] EXT3 FS on dm-0, internal journal
[   90.939889] NET: Registered protocol family 10
[   90.940002] lo: Disabled Privacy Extensions
[   92.544588] kjournald starting.  Commit interval 5 seconds
[   92.545372] EXT3 FS on sda1, internal journal
[   92.545376] EXT3-fs: mounted filesystem with ordered data mode.
[   94.171555] ip_tables: (C) 2000-2006 Netfilter Core Team
[   97.175147] RPC: Registered udp transport module.
[   97.175151] RPC: Registered tcp transport module.
[  127.952419] Installing knfsd (copyright (C) 1996 okir@monad.swb.de).
[  128.195670] NFSD: Using /var/lib/nfs/v4recovery as the NFSv4 state recovery directory
[  128.195692] NFSD: starting 90-second grace period
[ 5929.250794] e1000: eth0: e1000_watchdog: NIC Link is Down
[ 5933.043271] e1000: eth0: e1000_watchdog: NIC Link is Up 1000 Mbps Full Duplex, Flow Control: RX

## sysctl -a
error: permission denied on key 'kernel.sched_nr_migrate'
kernel.sched_min_granularity_ns = 4000000
kernel.sched_latency_ns = 20000000
kernel.sched_wakeup_granularity_ns = 10000000
kernel.sched_batch_wakeup_granularity_ns = 10000000
kernel.sched_child_runs_first = 1
kernel.sched_features = 7
kernel.sched_migration_cost = 500000
kernel.sched_compat_yield = 0
kernel.panic = 0
kernel.core_uses_pid = 0
kernel.audit_argv_kb = 32
kernel.core_pattern = core
kernel.tainted = 0
kernel.cap-bound = -257
kernel.real-root-dev = 0
kernel.print-fatal-signals = 0
kernel.ctrl-alt-del = 0
kernel.printk = 4       4       1       7
kernel.modprobe = /sbin/modprobe
kernel.hotplug = 
kernel.acct = 4 2       30
kernel.sysrq = 1
kernel.cad_pid = 1
kernel.threads-max = 32767
kernel.random.poolsize = 4096
kernel.random.entropy_avail = 198
kernel.random.read_wakeup_threshold = 64
kernel.random.write_wakeup_threshold = 128
kernel.random.boot_id = 1b2f6778-09ba-4a04-b8b5-ed484943eac3
kernel.random.uuid = d87850c2-57ab-459d-9b1f-b66873c13653
kernel.overflowuid = 65534
kernel.overflowgid = 65534
kernel.pid_max = 32768
kernel.panic_on_oops = 0
kernel.printk_ratelimit = 5
kernel.printk_ratelimit_burst = 10
kernel.ngroups_max = 65536
kernel.unknown_nmi_panic = 0
kernel.nmi_watchdog = 0
kernel.panic_on_unrecovered_nmi = 0
kernel.bootloader_type = 113
kernel.kstack_depth_to_print = 24
kernel.io_delay_type = 1
kernel.randomize_va_space = 1
kernel.acpi_video_flags = 0
kernel.softlockup_thresh = 10
kernel.max_lock_depth = 1024
kernel.maps_protect = 1
kernel.poweroff_cmd = /sbin/poweroff
kernel.sched_domain.cpu0.domain0.min_interval = 1
kernel.sched_domain.cpu0.domain0.max_interval = 4
kernel.sched_domain.cpu0.domain0.busy_idx = 2
kernel.sched_domain.cpu0.domain0.idle_idx = 1
kernel.sched_domain.cpu0.domain0.newidle_idx = 2
kernel.sched_domain.cpu0.domain0.wake_idx = 1
kernel.sched_domain.cpu0.domain0.forkexec_idx = 1
kernel.sched_domain.cpu0.domain0.busy_factor = 64
kernel.sched_domain.cpu0.domain0.imbalance_pct = 125
kernel.sched_domain.cpu0.domain0.cache_nice_tries = 1
kernel.sched_domain.cpu0.domain0.flags = 39
kernel.ostype = Linux
kernel.osrelease = 2.6.24-16-server
kernel.version = #1 SMP Thu Apr 10 13:58:00 UTC 2008
kernel.hostname = metasploitable
kernel.domainname = (none)
kernel.shmmax = 33554432
kernel.shmall = 2097152
kernel.shmmni = 4096
kernel.msgmax = 8192
kernel.msgmni = 16
kernel.msgmnb = 16384
kernel.sem = 250        32000   32      128
kernel.pty.max = 4096
kernel.pty.nr = 1
vm.overcommit_memory = 0
vm.panic_on_oom = 0
vm.oom_kill_allocating_task = 0
vm.overcommit_ratio = 50
vm.page-cluster = 3
vm.dirty_background_ratio = 5
vm.dirty_ratio = 10
vm.dirty_writeback_centisecs = 500
vm.dirty_expire_centisecs = 3000
vm.nr_pdflush_threads = 2
vm.swappiness = 60
vm.nr_hugepages = 0
vm.hugetlb_shm_group = 0
vm.hugepages_treat_as_movable = 0
vm.nr_overcommit_hugepages = 0
vm.lowmem_reserve_ratio = 256   32      32
vm.drop_caches = 0
vm.min_free_kbytes = 3816
vm.percpu_pagelist_fraction = 0
vm.max_map_count = 65536
vm.laptop_mode = 0
vm.block_dump = 0
vm.vfs_cache_pressure = 100
vm.legacy_va_layout = 0
vm.stat_interval = 1
vm.mmap_min_addr = 65536
vm.vdso_enabled = 1
net.core.wmem_max = 131071
net.core.rmem_max = 131071
net.core.wmem_default = 110592
net.core.rmem_default = 110592
net.core.dev_weight = 64
net.core.netdev_max_backlog = 1000
net.core.message_cost = 5
net.core.message_burst = 10
net.core.optmem_max = 10240
net.core.xfrm_aevent_etime = 10
net.core.xfrm_aevent_rseqth = 2
net.core.xfrm_larval_drop = 0
net.core.xfrm_acq_expires = 30
net.core.somaxconn = 128
net.core.netdev_budget = 300
net.core.warnings = 1
net.ipv4.tcp_timestamps = 1
net.ipv4.tcp_window_scaling = 1
net.ipv4.tcp_sack = 1
net.ipv4.tcp_retrans_collapse = 1
net.ipv4.ip_forward = 0
net.ipv4.ip_default_ttl = 64
net.ipv4.ip_no_pmtu_disc = 0
net.ipv4.ip_nonlocal_bind = 0
net.ipv4.tcp_syn_retries = 5
net.ipv4.tcp_synack_retries = 5
net.ipv4.tcp_max_orphans = 32768
net.ipv4.tcp_max_tw_buckets = 180000
net.ipv4.ipfrag_high_thresh = 262144
net.ipv4.ipfrag_low_thresh = 196608
net.ipv4.ip_dynaddr = 0
net.ipv4.ipfrag_time = 30
net.ipv4.tcp_keepalive_time = 7200
net.ipv4.tcp_keepalive_probeerror: permission denied on key 'net.ipv4.route.flush'
s = 9
net.ipv4.tcp_keepalive_intvl = 75
net.ipv4.tcp_retries1 = 3
net.ipv4.tcp_retries2 = 15
net.ipv4.tcp_fin_timeout = 60
net.ipv4.tcp_syncookies = 0
net.ipv4.tcp_tw_recycle = 0
net.ipv4.tcp_abort_on_overflow = 0
net.ipv4.tcp_stdurg = 0
net.ipv4.tcp_rfc1337 = 0
net.ipv4.tcp_max_syn_backlog = 1024
net.ipv4.ip_local_port_range = 32768    61000
net.ipv4.icmp_echo_ignore_all = 0
net.ipv4.icmp_echo_ignore_broadcasts = 1
net.ipv4.icmp_ignore_bogus_error_responses = 1
net.ipv4.icmp_errors_use_inbound_ifaddr = 0
net.ipv4.route.min_delay = 2
net.ipv4.route.max_delay = 10
net.ipv4.route.gc_thresh = 32768
net.ipv4.route.max_size = 524288
net.ipv4.route.gc_min_interval = 0
net.ipv4.route.gc_min_interval_ms = 500
net.ipv4.route.gc_timeout = 300
net.ipv4.route.gc_interval = 60
net.ipv4.route.redirect_load = 2
net.ipv4.route.redirect_number = 9
net.ipv4.route.redirect_silence = 2048
net.ipv4.route.error_cost = 100
net.ipv4.route.error_burst = 500
net.ipv4.route.gc_elasticity = 8
net.ipv4.route.mtu_expires = 600
net.ipv4.route.min_pmtu = 552
net.ipv4.route.min_adv_mss = 256
net.ipv4.route.secret_interval = 600
net.ipv4.igmp_max_memberships = 20
net.ipv4.igmp_max_msf = 10
net.ipv4.inet_peer_threshold = 65664
net.ipv4.inet_peer_minttl = 120
net.ipv4.inet_peer_maxttl = 600
net.ipv4.inet_peer_gc_mintime = 10
net.ipv4.inet_peer_gc_maxtime = 120
net.ipv4.tcp_orphan_retries = 0
net.ipv4.tcp_fack = 1
net.ipv4.tcp_reordering = 3
net.ipv4.tcp_ecn = 0
net.ipv4.tcp_dsack = 1
net.ipv4.tcp_mem = 194976       259968  389952
net.ipv4.tcp_wmem = 4096        16384   4194304
net.ipv4.tcp_rmem = 4096        87380   4194304
net.ipv4.tcp_app_win = 31
net.ipv4.tcp_adv_win_scale = 2
net.ipv4.icmp_ratelimit = 100
net.ipv4.icmp_ratemask = 6168
net.ipv4.tcp_tw_reuse = 0
net.ipv4.tcp_frto = 2
net.ipv4.tcp_frto_response = 0
net.ipv4.tcp_low_latency = 0
net.ipv4.ipfrag_secret_interval = 600
net.ipv4.ipfrag_max_dist = 64
net.ipv4.tcp_no_metrics_save = 0
net.ipv4.tcp_moderate_rcvbuf = 1
net.ipv4.tcp_tso_win_divisor = 3
net.ipv4.tcp_congestion_control = reno
net.ipv4.tcp_abc = 0
net.ipv4.tcp_mtu_probing = 0
net.ipv4.tcp_base_mss = 512
net.ipv4.tcp_workaround_signed_windows = 0
net.ipv4.tcp_dma_copybreak = 4096
net.ipv4.tcp_slow_start_after_idle = 1
net.ipv4.cipso_cache_enable = 1
net.ipv4.cipso_cache_bucket_size = 10
net.ipv4.cipso_rbm_optfmt = 0
net.ipv4.cipso_rbm_strictvalid = 1
net.ipv4.tcp_available_congestion_control = reno
net.ipv4.tcp_allowed_congestion_control = reno
net.ipv4.tcp_max_ssthresh = 0
net.ipv4.neigh.default.mcast_solicit = 3
net.ipv4.neigh.default.ucast_solicit = 3
net.ipv4.neigh.default.app_solicit = 0
net.ipv4.neigh.default.retrans_time = 100
net.ipv4.neigh.default.base_reachable_time = 30
net.ipv4.neigh.default.delay_first_probe_time = 5
net.ipv4.neigh.default.gc_stale_time = 60
net.ipv4.neigh.default.unres_qlen = 3
net.ipv4.neigh.default.proxy_qlen = 64
net.ipv4.neigh.default.anycast_delay = 100
net.ipv4.neigh.default.proxy_delay = 80
net.ipv4.neigh.default.locktime = 100
net.ipv4.neigh.default.retrans_time_ms = 1000
net.ipv4.neigh.default.base_reachable_time_ms = 30000
net.ipv4.neigh.default.gc_interval = 30
net.ipv4.neigh.default.gc_thresh1 = 128
net.ipv4.neigh.default.gc_thresh2 = 512
net.ipv4.neigh.default.gc_thresh3 = 1024
net.ipv4.neigh.lo.mcast_solicit = 3
net.ipv4.neigh.lo.ucast_solicit = 3
net.ipv4.neigh.lo.app_solicit = 0
net.ipv4.neigh.lo.retrans_time = 100
net.ipv4.neigh.lo.base_reachable_time = 30
net.ipv4.neigh.lo.delay_first_probe_time = 5
net.ipv4.neigh.lo.gc_stale_time = 60
net.ipv4.neigh.lo.unres_qlen = 3
net.ipv4.neigh.lo.proxy_qlen = 64
net.ipv4.neigh.lo.anycast_delay = 100
net.ipv4.neigh.lo.proxy_delay = 80
net.ipv4.neigh.lo.locktime = 100
net.ipv4.neigh.lo.retrans_time_ms = 1000
net.ipv4.neigh.lo.base_reachable_time_ms = 30000
net.ipv4.neigh.eth0.mcast_solicit = 3
net.ipv4.neigh.eth0.ucast_solicit = 3
net.ipv4.neigh.eth0.app_solicit = 0
net.ipv4.neigh.eth0.retrans_time = 100
net.ipv4.neigh.eth0.base_reachable_time = 30
net.ipv4.neigh.eth0.delay_first_probe_time = 5
net.ipv4.neigh.eth0.gc_stale_time = 60
net.ipv4.neigh.eth0.unres_qlen = 3
net.ipv4.neigh.eth0.proxy_qlen = 64
net.ipv4.neigh.eth0.anycast_delay = 100
net.ipv4.neigh.eth0.proxy_delay = 80
net.ipv4.neigh.eth0.locktime = 100
net.ipv4.neigh.eth0.retrans_time_ms = 1000
net.ipv4.neigh.eth0.base_reachable_time_ms = 30000
net.ipv4.conf.lo.forwarding = 0
net.ipv4.conf.lo.mc_forwarding = 0
net.ipv4.conf.lo.accept_redirects = 1
net.ipv4.conf.lo.secure_redirects = 1
net.ipv4.conf.lo.shared_media = 1
net.ipv4.conf.lo.rp_filter = 1
net.ipv4.conf.lo.send_redirects = 1
net.ipv4.conf.lo.accept_source_route = 1
net.ipv4.conf.lo.proxy_arp = 0
net.ipv4.conf.lo.medium_id = 0
net.ipv4.conf.lo.bootp_relay = 0
net.ipv4.conf.lo.log_martians = 0
net.ipv4.conf.lo.tag = 0
net.ipv4.conf.lo.arp_filter = 0
net.ipv4.conf.lo.arp_announce = 0
net.ipv4.conf.lo.arp_ignore = 0
net.ipv4.conf.lo.arp_accept = 0
net.ipv4.conf.lo.disable_xfrm = 1
net.ipv4.conf.lo.disable_policy = 1
net.ipv4.conf.lo.force_igmp_version = 0
net.ipv4.conf.lo.promote_secondaries = 0
net.ipv4.conf.all.forwarding = 0
net.ipv4.conf.all.mc_forwarding = 0
net.ipv4.conf.all.accept_redirects = 1
net.ipv4.conf.all.secure_redirects = 1
net.ipv4.conf.all.shared_media = 1
net.ipv4.conf.all.rp_filter = 1
net.ipv4.conf.all.send_redirects = 1
net.ipv4.conf.all.accept_source_route = 0
net.ipv4.conf.all.proxy_arp = 0
net.ipv4.conf.all.medium_id = 0
net.ipv4.conf.all.bootp_relay = 0
net.ipv4.conf.all.log_martians = 0
net.ipv4.conf.all.tag = 0
net.ipv4.conf.all.arp_filter = 0
net.ipv4.conf.all.arp_announce = 0
net.ipv4.conf.all.arp_ignore = 0
net.ipv4.conf.all.arp_accept = 0
net.ipv4.conf.all.disable_xfrm = 0
net.ipv4.conf.all.disable_policy = 0
net.ipv4.conf.all.force_igmp_version = 0
net.ipv4.conf.all.promote_secondaries = 0
net.ipv4.conf.default.forwarding = 0
net.ipv4.conf.default.mc_forwarding = 0
net.ipv4.conf.default.accept_redirects = 1
net.ipv4.conf.default.secure_redirects = 1
net.ipv4.conf.default.shared_media = 1
net.ipv4.conf.default.rp_filter = 1
net.ipv4.conf.default.send_redirects = 1
net.ipv4.conf.default.accept_source_route = 1
net.ipv4.conf.default.proxy_arp = 0
net.ipv4.conf.default.medium_id = 0
net.ipv4.conf.default.bootp_relay = 0
net.ipv4.conf.default.log_martians = 0
net.ipv4.conf.default.tag = 0
net.ipv4.conf.default.arp_filter = 0
net.ipv4.conf.default.arp_announce = 0
net.ipv4.conf.default.arp_ignore = 0
net.ipv4.conf.default.arp_accept = 0
net.ipv4.conf.default.disable_xfrm = 0
net.ipv4.conf.default.disable_policy = 0
net.ipv4.conf.default.force_igmp_version = 0
net.ipv4.conf.default.promote_secondaries = 0
net.ipv4.conf.eth0.forwarding = 0
net.ipv4.conf.eth0.mc_forwarding = 0
net.ipv4.conf.eth0.accept_redirects = 1
net.ipv4.conf.eth0.secure_redirects = 1
net.ipv4.conf.eth0.shared_media = 1
net.ipv4.conf.eth0.rp_filter = 0
net.ipv4.conf.eth0.send_redirects = 1
net.ipv4.conf.eth0.accept_source_route = 1
net.ipv4.conf.eth0.proxy_arp = 0
net.ipv4.conf.eth0.medium_id = 0
net.ipv4.conf.eth0.bootp_relay = 0
net.ipv4.conf.eth0.log_martians = 0
net.ipv4.conf.eth0.tag = 0
net.ipv4.conf.eth0.arp_filter = 0
net.ipv4.conf.eth0.arp_announce = 0
net.ipv4.conf.eth0.arerror: permission denied on key 'net.ipv6.route.flush'
p_ignore = 0
net.ipv4.conf.eth0.arp_accept = 0
net.ipv4.conf.eth0.disable_xfrm = 0
net.ipv4.conf.eth0.disable_policy = 0
net.ipv4.conf.eth0.force_igmp_version = 0
net.ipv4.conf.eth0.promote_secondaries = 0
net.token-ring.rif_timeout = 60000
net.unix.max_dgram_qlen = 10
net.ipv6.route.gc_thresh = 1024
net.ipv6.route.max_size = 4096
net.ipv6.route.gc_min_interval = 0
net.ipv6.route.gc_timeout = 60
net.ipv6.route.gc_interval = 30
net.ipv6.route.gc_elasticity = 0
net.ipv6.route.mtu_expires = 600
net.ipv6.route.min_adv_mss = 12
net.ipv6.route.gc_min_interval_ms = 500
net.ipv6.icmp.ratelimit = 100
net.ipv6.bindv6only = 0
net.ipv6.ip6frag_high_thresh = 262144
net.ipv6.ip6frag_low_thresh = 196608
net.ipv6.ip6frag_time = 60
net.ipv6.ip6frag_secret_interval = 600
net.ipv6.mld_max_msf = 64
net.ipv6.neigh.default.mcast_solicit = 3
net.ipv6.neigh.default.ucast_solicit = 3
net.ipv6.neigh.default.app_solicit = 0
net.ipv6.neigh.default.retrans_time = 100
net.ipv6.neigh.default.base_reachable_time = 30
net.ipv6.neigh.default.delay_first_probe_time = 5
net.ipv6.neigh.default.gc_stale_time = 60
net.ipv6.neigh.default.unres_qlen = 3
net.ipv6.neigh.default.proxy_qlen = 64
net.ipv6.neigh.default.anycast_delay = 100
net.ipv6.neigh.default.proxy_delay = 80
net.ipv6.neigh.default.locktime = 0
net.ipv6.neigh.default.retrans_time_ms = 1000
net.ipv6.neigh.default.base_reachable_time_ms = 30000
net.ipv6.neigh.default.gc_interval = 30
net.ipv6.neigh.default.gc_thresh1 = 128
net.ipv6.neigh.default.gc_thresh2 = 512
net.ipv6.neigh.default.gc_thresh3 = 1024
net.ipv6.neigh.lo.mcast_solicit = 3
net.ipv6.neigh.lo.ucast_solicit = 3
net.ipv6.neigh.lo.app_solicit = 0
net.ipv6.neigh.lo.retrans_time = 100
net.ipv6.neigh.lo.base_reachable_time = 30
net.ipv6.neigh.lo.delay_first_probe_time = 5
net.ipv6.neigh.lo.gc_stale_time = 60
net.ipv6.neigh.lo.unres_qlen = 3
net.ipv6.neigh.lo.proxy_qlen = 64
net.ipv6.neigh.lo.anycast_delay = 100
net.ipv6.neigh.lo.proxy_delay = 80
net.ipv6.neigh.lo.locktime = 0
net.ipv6.neigh.lo.retrans_time_ms = 1000
net.ipv6.neigh.lo.base_reachable_time_ms = 30000
net.ipv6.neigh.eth0.mcast_solicit = 3
net.ipv6.neigh.eth0.ucast_solicit = 3
net.ipv6.neigh.eth0.app_solicit = 0
net.ipv6.neigh.eth0.retrans_time = 100
net.ipv6.neigh.eth0.base_reachable_time = 30
net.ipv6.neigh.eth0.delay_first_probe_time = 5
net.ipv6.neigh.eth0.gc_stale_time = 60
net.ipv6.neigh.eth0.unres_qlen = 3
net.ipv6.neigh.eth0.proxy_qlen = 64
net.ipv6.neigh.eth0.anycast_delay = 100
net.ipv6.neigh.eth0.proxy_delay = 80
net.ipv6.neigh.eth0.locktime = 0
net.ipv6.neigh.eth0.retrans_time_ms = 1000
net.ipv6.neigh.eth0.base_reachable_time_ms = 30000
net.ipv6.conf.lo.forwarding = 0
net.ipv6.conf.lo.hop_limit = 64
net.ipv6.conf.lo.mtu = 16436
net.ipv6.conf.lo.accept_ra = 1
net.ipv6.conf.lo.accept_redirects = 1
net.ipv6.conf.lo.autoconf = 1
net.ipv6.conf.lo.dad_transmits = 1
net.ipv6.conf.lo.router_solicitations = 3
net.ipv6.conf.lo.router_solicitation_interval = 4
net.ipv6.conf.lo.router_solicitation_delay = 1
net.ipv6.conf.lo.force_mld_version = 0
net.ipv6.conf.lo.use_tempaddr = -1
net.ipv6.conf.lo.temp_valid_lft = 604800
net.ipv6.conf.lo.temp_prefered_lft = 86400
net.ipv6.conf.lo.regen_max_retry = 5
net.ipv6.conf.lo.max_desync_factor = 600
net.ipv6.conf.lo.max_addresses = 16
net.ipv6.conf.lo.accept_ra_defrtr = 1
net.ipv6.conf.lo.accept_ra_pinfo = 1
net.ipv6.conf.lo.proxy_ndp = 0
net.ipv6.conf.lo.accept_source_route = 0
net.ipv6.conf.eth0.forwarding = 0
net.ipv6.conf.eth0.hop_limit = 64
net.ipv6.conf.eth0.mtu = 1500
net.ipv6.conf.eth0.accept_ra = 1
net.ipv6.conf.eth0.accept_redirects = 1
net.ipv6.conf.eth0.autoconf = 1
net.ipv6.conf.eth0.dad_transmits = 1
net.ipv6.conf.eth0.router_solicitations = 3
net.ipv6.conf.eth0.router_solicitation_interval = 4
net.ipv6.conf.eth0.router_solicitation_delay = 1
net.ipv6.conf.eth0.force_mld_version = 0
net.ipv6.conf.eth0.use_tempaddr = 0
net.ipv6.conf.eth0.temp_valid_lft = 604800
net.ipv6.conf.eth0.temp_prefered_lft = 86400
net.ipv6.conf.eth0.regen_max_retry = 5
net.ipv6.conf.eth0.max_desync_factor = 600
net.ipv6.conf.eth0.max_addresses = 16
net.ipv6.conf.eth0.accept_ra_defrtr = 1
net.ipv6.conf.eth0.accept_ra_pinfo = 1
net.ipv6.conf.eth0.proxy_ndp = 0
net.ipv6.conf.eth0.accept_source_route = 0
net.ipv6.conf.all.forwarding = 0
net.ipv6.conf.all.hop_limit = 64
net.ipv6.conf.all.mtu = 1280
net.ipv6.conf.all.accept_ra = 1
net.ipv6.conf.all.accept_redirects = 1
net.ipv6.conf.all.autoconf = 1
net.ipv6.conf.all.dad_transmits = 1
net.ipv6.conf.all.router_solicitations = 3
net.ipv6.conf.all.router_solicitation_interval = 4
net.ipv6.conf.all.router_solicitation_delay = 1
net.ipv6.conf.all.force_mld_version = 0
net.ipv6.conf.all.use_tempaddr = 0
net.ipv6.conf.all.temp_valid_lft = 604800
net.ipv6.conf.all.temp_prefered_lft = 86400
net.ipv6.conf.all.regen_max_retry = 5
net.ipv6.conf.all.max_desync_factor = 600
net.ipv6.conf.all.max_addresses = 16
net.ipv6.conf.all.accept_ra_defrtr = 1
net.ipv6.conf.all.accept_ra_pinfo = 1
net.ipv6.conf.all.proxy_ndp = 0
net.ipv6.conf.all.accept_source_route = 0
net.ipv6.conf.default.forwarding = 0
net.ipv6.conf.default.hop_limit = 64
net.ipv6.conf.default.mtu = 1280
net.ipv6.conf.default.accept_ra = 1
net.ipv6.conf.default.accept_redirects = 1
net.ipv6.conf.default.autoconf = 1
net.ipv6.conf.default.dad_transmits = 1
net.ipv6.conf.default.router_solicitations = 3
net.ipv6.conf.default.router_solicitation_interval = 4
net.ipv6.conf.default.router_solicitation_delay = 1
net.ipv6.conf.default.force_mld_version = 0
net.ipv6.conf.default.use_tempaddr = 0
net.ipv6.conf.default.temp_valid_lft = 604800
net.ipv6.conf.default.temp_prefered_lft = 86400
net.ipv6.conf.default.regen_max_retry = 5
net.ipv6.conf.default.max_desync_factor = 600
net.ipv6.conf.default.max_addresses = 16
net.ipv6.conf.default.accept_ra_defrtr = 1
net.ipv6.conf.default.accept_ra_pinfo = 1
net.ipv6.conf.default.proxy_ndp = 0
net.ipv6.conf.default.accept_source_route = 0
fs.inode-nr = 11438     179
fs.inode-state = 11438  179     0       0       0       0       0
fs.file-nr = 1248       0       205126
fs.file-max = 205126
fs.dentry-state = 13594 9248    45      0       0       0
fs.overflowuid = 65534
fs.overflowgid = 65534
fs.leases-enable = 1
fs.dir-notify-enable = 1
fs.lease-break-time = 45
fs.aio-nr = 0
fs.aio-max-nr = 65536
fs.inotify.max_user_instances = 128
fs.inotify.max_user_watches = 524288
fs.inotify.max_queued_events = 16384
fs.suid_dumpable = 0
fs.default_relatime = 1
fs.relatime_interval = 86400
fs.quota.lookups = 0
fs.quota.drops = 0
fs.quota.reads = 0
fs.quota.writes = 0
fs.quota.cache_hits = 0
fs.quota.allocated_dquots = 0
fs.quota.free_dquots = 0
fs.quota.syncs = 14
fs.quota.warnings = 1
fs.mqueue.queues_max = 256
fs.mqueue.msg_max = 10
fs.mqueue.msgsize_max = 8192
fs.nfs.nlm_grace_period = 0
fs.nfs.nlm_timeout = 10
fs.nfs.nlm_udpport = 0
fs.nfs.nlm_tcpport = 0
fs.nfs.nsm_use_hostnames = 0
fs.nfs.nsm_local_state = 0
fs.nfs.nfs_callback_tcpport = 0
fs.nfs.idmap_cache_timeout = 600
fs.nfs.nfs_mountpoint_timeout = 500
fs.nfs.nfs_congestion_kb = 46080
debug.exception-trace = 1
dev.rtc.max-user-freq = 64
dev.hpet.max-user-freq = 64
dev.mac_hid.mouse_button_emulation = 0
dev.mac_hid.mouse_button2_keycode = 97
dev.mac_hid.mouse_button3_keycode = 100
dev.scsi.logging_level = 0
dev.cdrom.info = CD-ROM information, Id: cdrom.c 3.20 2003/12/17
dev.cdrom.info = 
dev.cdrom.info = drive name:            sr0
dev.cdrom.info = drive speed:           32
dev.cdrom.info = drive # of slots:      1
dev.cdrom.info = Can close tray:                1
dev.cdrom.info = Can open tray:         1
dev.cdrom.info = Can lock tray:         1
dev.cdrom.info = Can change speed:      1
dev.cdrom.info = Can select disk:       0
dev.cdrom.info = Can read multisession: 1
dev.cdrom.info = Can read MCN:          1
dev.cdrom.info = Reports media changed: 1
dev.cdrom.info = Can play audio:                1
dev.cdrom.info = Can write CD-R:                0
dev.cdrom.info = Can write CD-RW:       0
dev.cdrom.info = Can read DVD:          1
dev.cdrom.info = Can write DVD-R:       0
dev.cdrom.info = Can write DVD-RAM:     0
dev.cdrom.info = Can read MRW:          1
dev.cdrom.info = Can write MRW:         1
dev.cdrom.info = Can write RAM:         1
dev.cdrom.info = 
dev.cdrom.info = 
dev.cdrom.autoclose = 1
dev.cdrom.autoeject = 0
dev.cdrom.debug = 0
dev.cdrom.lock = 1
dev.cdrom.check_media = 0
dev.parport.default.timeslice = 200
dev.parport.default.spintime = 500
sunrpc.rpc_debug = 0
sunrpc.nfs_debug = 0
sunrpc.nfsd_debug = 0
sunrpc.nlm_debug = 0
sunrpc.udp_slot_table_entries = 16
sunrpc.tcp_slot_table_entries = 16
sunrpc.min_resvport = 665
sunrpc.max_resvport = 1023

## ls /boot
System.map-2.6.24-16-server
abi-2.6.24-16-server
config-2.6.24-16-server
grub
initrd.img-2.6.24-16-server
initrd.img-2.6.24-16-server.bak
lost+found
memtest86+.bin
vmlinuz-2.6.24-16-server
